// Jest Snapshot v1, https://goo.gl/fbAQLP

exports[`ExchangePage component should match snapshot 1`] = `
<DocumentFragment>
  <div
    class="sc-AxjAm sc-AxirZ NiafK"
  >
    <div
      class="sc-AxjAm sc-fzoLsD bExCFN"
    >
      <div
        class="sc-AxjAm sc-fzozJi bMpsPL"
      >
        <div
          class="sc-AxhUy jXvmIW"
        >
          <span
            class="ant-input-affix-wrapper"
          >
            <span
              class="ant-input-prefix"
            >
              <div
                class="sc-AxiKw dIfukv"
              >
                <div
                  class="sc-AxhCb gIsOZG"
                  data-testid="USD:switch-wallet"
                >
                  <h3
                    class="ant-typography"
                  >
                    USD
                  </h3>
                  <span
                    aria-label="down"
                    class="anticon anticon-down"
                    role="img"
                    style="margin-left: 5px; font-size: 15px;"
                  >
                    <svg
                      aria-hidden="true"
                      class=""
                      data-icon="down"
                      fill="currentColor"
                      focusable="false"
                      height="1em"
                      viewBox="64 64 896 896"
                      width="1em"
                    >
                      <path
                        d="M884 256h-75c-5.1 0-9.9 2.5-12.9 6.6L512 654.2 227.9 262.6c-3-4.1-7.8-6.6-12.9-6.6h-75c-6.5 0-10.3 7.4-6.5 12.7l352.6 486.1c12.8 17.6 39 17.6 51.7 0l352.6-486.1c3.9-5.3.1-12.7-6.4-12.7z"
                      />
                    </svg>
                  </span>
                </div>
                <span
                  class="ant-typography ant-typography-secondary"
                >
                  Balance: $0.00
                </span>
              </div>
            </span>
            <input
              class="ant-input"
              data-testid="USD"
              placeholder="Enter value"
              role="currency-input"
              type="text"
              value="- $0.00"
            />
          </span>
        </div>
      </div>
      <div
        class="sc-AxjAm sc-AxgMl hcHxKw"
      >
        <button
          class="ant-btn ant-btn-primary ant-btn-circle ant-btn-icon-only"
          type="button"
        >
          <span
            aria-label="swap"
            class="anticon anticon-swap"
            role="img"
          >
            <svg
              aria-hidden="true"
              class=""
              data-icon="swap"
              fill="currentColor"
              focusable="false"
              height="1em"
              viewBox="64 64 896 896"
              width="1em"
            >
              <path
                d="M847.9 592H152c-4.4 0-8 3.6-8 8v60c0 4.4 3.6 8 8 8h605.2L612.9 851c-4.1 5.2-.4 13 6.3 13h72.5c4.9 0 9.5-2.2 12.6-6.1l168.8-214.1c16.5-21 1.6-51.8-25.2-51.8zM872 356H266.8l144.3-183c4.1-5.2.4-13-6.3-13h-72.5c-4.9 0-9.5 2.2-12.6 6.1L150.9 380.2c-16.5 21-1.6 51.8 25.1 51.8h696c4.4 0 8-3.6 8-8v-60c0-4.4-3.6-8-8-8z"
              />
            </svg>
          </span>
        </button>
        <button
          class="ant-btn ant-btn-primary ant-btn-round ant-btn-icon-only ant-btn-loading"
          type="button"
        >
          <span
            aria-label="loading"
            class="anticon anticon-loading"
            role="img"
          >
            <svg
              aria-hidden="true"
              class="anticon-spin"
              data-icon="loading"
              fill="currentColor"
              focusable="false"
              height="1em"
              viewBox="0 0 1024 1024"
              width="1em"
            >
              <path
                d="M988 548c-19.9 0-36-16.1-36-36 0-59.4-11.6-117-34.6-171.3a440.45 440.45 0 00-94.3-139.9 437.71 437.71 0 00-139.9-94.3C629 83.6 571.4 72 512 72c-19.9 0-36-16.1-36-36s16.1-36 36-36c69.1 0 136.2 13.5 199.3 40.3C772.3 66 827 103 874 150c47 47 83.9 101.8 109.7 162.7 26.7 63.1 40.2 130.2 40.2 199.3.1 19.9-16 36-35.9 36z"
              />
            </svg>
          </span>
        </button>
      </div>
      <div
        class="sc-AxjAm sc-fzozJi bMpsPL"
      >
        <div
          class="sc-AxhUy jXvmIW"
        >
          <span
            class="ant-input-affix-wrapper"
          >
            <span
              class="ant-input-prefix"
            >
              <div
                class="sc-AxiKw dIfukv"
              >
                <div
                  class="sc-AxhCb gIsOZG"
                  data-testid="GBP:switch-wallet"
                >
                  <h3
                    class="ant-typography"
                  >
                    GBP
                  </h3>
                  <span
                    aria-label="down"
                    class="anticon anticon-down"
                    role="img"
                    style="margin-left: 5px; font-size: 15px;"
                  >
                    <svg
                      aria-hidden="true"
                      class=""
                      data-icon="down"
                      fill="currentColor"
                      focusable="false"
                      height="1em"
                      viewBox="64 64 896 896"
                      width="1em"
                    >
                      <path
                        d="M884 256h-75c-5.1 0-9.9 2.5-12.9 6.6L512 654.2 227.9 262.6c-3-4.1-7.8-6.6-12.9-6.6h-75c-6.5 0-10.3 7.4-6.5 12.7l352.6 486.1c12.8 17.6 39 17.6 51.7 0l352.6-486.1c3.9-5.3.1-12.7-6.4-12.7z"
                      />
                    </svg>
                  </span>
                </div>
                <span
                  class="ant-typography ant-typography-secondary"
                >
                  Balance: £0.00
                </span>
              </div>
            </span>
            <input
              class="ant-input"
              data-testid="GBP"
              placeholder="Enter value"
              role="currency-input"
              type="text"
              value="+ £0.00"
            />
          </span>
        </div>
      </div>
      <button
        class="ant-btn sc-fzpans jQyOhp ant-btn-primary ant-btn-round"
        disabled=""
        type="button"
      >
        <span>
          Exchange
        </span>
      </button>
    </div>
  </div>
</DocumentFragment>
`;
